******************************************************************************
                  MSP430 Linker PC v4.2.1                      
******************************************************************************
>> Linked Wed Sep 16 14:16:25 2015

OUTPUT FILE NAME:   <msp430g2553.out>
ENTRY POINT SYMBOL: "_c_int00"  address: 0000c708


MEMORY CONFIGURATION

         name            origin    length      used     unused   attr    fill
----------------------  --------  ---------  --------  --------  ----  --------
  SFR                   00000000   00000010  00000000  00000010  RWIX
  PERIPHERALS_8BIT      00000010   000000f0  00000000  000000f0  RWIX
  PERIPHERALS_16BIT     00000100   00000100  00000000  00000100  RWIX
  RAM                   00000200   00000200  000000b5  0000014b  RWIX
  INFOD                 00001000   00000040  00000000  00000040  RWIX
  INFOC                 00001040   00000040  00000000  00000040  RWIX
  INFOB                 00001080   00000040  00000000  00000040  RWIX
  INFOA                 000010c0   00000040  00000000  00000040  RWIX
  FLASH                 0000c000   00003fe0  00000872  0000376e  RWIX
  INT00                 0000ffe0   00000002  00000000  00000002  RWIX
  INT01                 0000ffe2   00000002  00000000  00000002  RWIX
  INT02                 0000ffe4   00000002  00000002  00000000  RWIX
  INT03                 0000ffe6   00000002  00000002  00000000  RWIX
  INT04                 0000ffe8   00000002  00000000  00000002  RWIX
  INT05                 0000ffea   00000002  00000002  00000000  RWIX
  INT06                 0000ffec   00000002  00000002  00000000  RWIX
  INT07                 0000ffee   00000002  00000002  00000000  RWIX
  INT08                 0000fff0   00000002  00000002  00000000  RWIX
  INT09                 0000fff2   00000002  00000002  00000000  RWIX
  INT10                 0000fff4   00000002  00000002  00000000  RWIX
  INT11                 0000fff6   00000002  00000002  00000000  RWIX
  INT12                 0000fff8   00000002  00000002  00000000  RWIX
  INT13                 0000fffa   00000002  00000002  00000000  RWIX
  INT14                 0000fffc   00000002  00000002  00000000  RWIX
  RESET                 0000fffe   00000002  00000002  00000000  RWIX


SECTION ALLOCATION MAP

 output                                  attributes/
section   page    origin      length       input sections
--------  ----  ----------  ----------   ----------------
.pinit     0    0000c000    00000000     UNINITIALIZED

.bss       0    00000200    00000035     UNINITIALIZED
                  00000200    00000018     main.obj (.bss)
                  00000218    00000014     librobot.a : System.obj (.bss)
                  0000022c    00000004     rts430.lib : _lock.obj (.bss)
                  00000230    00000004                : boot.obj (.bss)
                  00000234    00000001     librobot.a : SPI.obj (.bss)

.data      0    00000200    00000000     UNINITIALIZED

.stack     0    00000380    00000080     UNINITIALIZED
                  00000380    00000002     rts430.lib : boot.obj (.stack)
                  00000382    0000007e     --HOLE--

.text      0    0000c000    0000083e     
                  0000c000    0000021e     librobot.a : System.obj (.text:PID)
                  0000c21e    00000130     rts430.lib : fs_add.obj (.text)
                  0000c34e    000000c2                : fs_mpy.obj (.text)
                  0000c410    00000080     main.obj (.text:main)
                  0000c490    00000068     rts430.lib : fs_toi.obj (.text)
                  0000c4f8    00000054     librobot.a : System.obj (.text:WaitButton)
                  0000c54c    0000004c                : SPI.obj (.text:Send_byte_SW)
                  0000c598    0000004a                : SystemConfig.obj (.text:ConfigMotor)
                  0000c5e2    0000004a     rts430.lib : fs_cmp.obj (.text)
                  0000c62c    00000048                : autoinit.obj (.text:_auto_init)
                  0000c674    00000038     librobot.a : SPI.obj (.text:SetPWM)
                  0000c6ac    00000036     rts430.lib : fs_itof.obj (.text)
                  0000c6e2    00000026     main.obj (.text:TimerIntHandler1)
                  0000c708    00000026     rts430.lib : boot.obj (.text:_c_int00_noexit)
                  0000c72e    00000024     librobot.a : SystemConfig.obj (.text:ConfigBuzzer)
                  0000c752    00000020                : SystemConfig.obj (.text:ConfigButton)
                  0000c772    0000001e     main.obj (.text:config1)
                  0000c790    0000001a     librobot.a : SystemConfig.obj (.text:ConfigADC)
                  0000c7aa    0000001a                : SystemConfig.obj (.text:ConfigLed)
                  0000c7c4    00000016                : System.obj (.text:StartSamples)
                  0000c7da    00000014                : SystemConfig.obj (.text:ConfigTimer)
                  0000c7ee    00000014     rts430.lib : mult16.obj (.text)
                  0000c802    00000012                : memcpy.obj (.text:memcpy)
                  0000c814    00000010                : epilog.obj (.text)
                  0000c824    0000000a                : fs_neg.obj (.text)
                  0000c82e    00000006                : isr_trap.obj (.text:__TI_ISR_TRAP)
                  0000c834    00000004                : pre_init.obj (.text:_system_pre_init)
                  0000c838    00000004                : exit.obj (.text:abort)
                  0000c83c    00000002                : _lock.obj (.text:_nop)

.cinit     0    0000c83e    00000034     
                  0000c83e    0000002c     librobot.a : System.obj (.cinit)
                  0000c86a    00000005                : SPI.obj (.cinit)
                  0000c86f    00000001     --HOLE-- [fill = 0]
                  0000c870    00000002     (.pad.cinit) [fill = 0]

PORT1      0    0000ffe4    00000002     
                  0000ffe4    00000002     rts430.lib : int02.obj (.int02)

PORT2      0    0000ffe6    00000002     
                  0000ffe6    00000002     rts430.lib : int03.obj (.int03)

ADC10      0    0000ffea    00000002     
                  0000ffea    00000002     rts430.lib : int05.obj (.int05)

USCIAB0TX 
*          0    0000ffec    00000002     
                  0000ffec    00000002     rts430.lib : int06.obj (.int06)

USCIAB0RX 
*          0    0000ffee    00000002     
                  0000ffee    00000002     rts430.lib : int07.obj (.int07)

TIMER0_A1 
*          0    0000fff0    00000002     
                  0000fff0    00000002     main.obj (.int08)

TIMER0_A0 
*          0    0000fff2    00000002     
                  0000fff2    00000002     rts430.lib : int09.obj (.int09)

WDT        0    0000fff4    00000002     
                  0000fff4    00000002     rts430.lib : int10.obj (.int10)

COMPARATORA 
*          0    0000fff6    00000002     
                  0000fff6    00000002     rts430.lib : int11.obj (.int11)

TIMER1_A1 
*          0    0000fff8    00000002     
                  0000fff8    00000002     rts430.lib : int12.obj (.int12)

TIMER1_A0 
*          0    0000fffa    00000002     
                  0000fffa    00000002     rts430.lib : int13.obj (.int13)

NMI        0    0000fffc    00000002     
                  0000fffc    00000002     rts430.lib : int14.obj (.int14)

.reset     0    0000fffe    00000002     
                  0000fffe    00000002     rts430.lib : boot.obj (.reset)


GLOBAL SYMBOLS: SORTED ALPHABETICALLY BY Name 

address    name
--------   ----
00000200   .bss
00000200   .data
0000c000   .text
0000004a   ADC10AE0
000001b0   ADC10CTL0
000001b2   ADC10CTL1
00000048   ADC10DTC0
00000049   ADC10DTC1
000001b4   ADC10MEM
000001bc   ADC10SA
00000057   BCSCTL1
00000058   BCSCTL2
00000053   BCSCTL3
0000c838   C$$EXIT
00000059   CACTL1
0000005a   CACTL2
000010fb   CALBC1_12MHZ
000010f9   CALBC1_16MHZ
000010ff   CALBC1_1MHZ
000010fd   CALBC1_8MHZ
000010fa   CALDCO_12MHZ
000010f8   CALDCO_16MHZ
000010fe   CALDCO_1MHZ
000010fc   CALDCO_8MHZ
0000005b   CAPD
0000c790   ConfigADC
0000c752   ConfigButton
0000c72e   ConfigBuzzer
0000c7aa   ConfigLed
0000c598   ConfigMotor
0000c7da   ConfigTimer
00000056   DCOCTL
00000128   FCTL1
0000012a   FCTL2
0000012c   FCTL3
00000000   IE1
00000001   IE2
00000002   IFG1
00000003   IFG2
00000022   P1DIR
00000025   P1IE
00000024   P1IES
00000023   P1IFG
00000020   P1IN
00000021   P1OUT
00000027   P1REN
00000026   P1SEL
00000041   P1SEL2
0000002a   P2DIR
0000002d   P2IE
0000002c   P2IES
0000002b   P2IFG
00000028   P2IN
00000029   P2OUT
0000002f   P2REN
0000002e   P2SEL
00000042   P2SEL2
0000001a   P3DIR
00000018   P3IN
00000019   P3OUT
00000010   P3REN
0000001b   P3SEL
00000043   P3SEL2
0000c000   PID
00000234   RxData
0000c54c   Send_byte_SW
0000c674   SetPWM
0000c7c4   StartSamples
00000172   TA0CCR0
00000174   TA0CCR1
00000176   TA0CCR2
00000162   TA0CCTL0
00000164   TA0CCTL1
00000166   TA0CCTL2
00000160   TA0CTL
0000012e   TA0IV
00000170   TA0R
00000192   TA1CCR0
00000194   TA1CCR1
00000196   TA1CCR2
00000182   TA1CCTL0
00000184   TA1CCTL1
00000186   TA1CCTL2
00000180   TA1CTL
0000011e   TA1IV
00000190   TA1R
0000c6e2   TimerIntHandler1
0000005d   UCA0ABCTL
00000062   UCA0BR0
00000063   UCA0BR1
00000060   UCA0CTL0
00000061   UCA0CTL1
0000005f   UCA0IRRCTL
0000005e   UCA0IRTCTL
00000064   UCA0MCTL
00000066   UCA0RXBUF
00000065   UCA0STAT
00000067   UCA0TXBUF
0000006a   UCB0BR0
0000006b   UCB0BR1
00000068   UCB0CTL0
00000069   UCB0CTL1
0000006c   UCB0I2CIE
00000118   UCB0I2COA
0000011a   UCB0I2CSA
0000006e   UCB0RXBUF
0000006d   UCB0STAT
0000006f   UCB0TXBUF
00000120   WDTCTL
0000c4f8   WaitButton
00000400   __STACK_END
00000080   __STACK_SIZE
0000c82e   __TI_ISR_TRAP
00000001   __TI_args_main
00000001   __TI_auto_init
00000230   __TI_cleanup_ptr
00000232   __TI_dtors_ptr
00000001   __TI_exit
0000ffe4   __TI_int02
0000ffe6   __TI_int03
0000ffea   __TI_int05
0000ffec   __TI_int06
0000ffee   __TI_int07
0000fff0   __TI_int08
0000fff2   __TI_int09
0000fff4   __TI_int10
0000fff6   __TI_int11
0000fff8   __TI_int12
0000fffa   __TI_int13
0000fffc   __TI_int14
ffffffff   __binit__
00000200   __bss__
ffffffff   __c_args__
0000c83e   __cinit__
00000200   __data__
00000200   __edata__
00000235   __end__
0000c83e   __etext__
0000c224   __fs_add
0000c5e2   __fs_cmp
0000c6ac   __fs_itof
0000c34e   __fs_mpy
0000c824   __fs_neg
0000c21e   __fs_sub
0000c490   __fs_toi
0000c7ee   __mpyi
ffffffff   __pinit__
0000c000   __text__
0000c62c   _auto_init
0000c708   _c_int00
0000c708   _c_int00_noexit
0000022c   _lock
0000c83c   _nop
0000fffe   _reset_vector
00000380   _stack
0000c834   _system_pre_init
0000022e   _unlock
0000c838   abort
0000020e   base
ffffffff   binit
0000c83e   cinit
0000c772   config1
00000200   edata
00000235   end
0000c83e   etext
0000c820   func_epilog_1
0000c81e   func_epilog_2
0000c81c   func_epilog_3
0000c81a   func_epilog_4
0000c818   func_epilog_5
0000c816   func_epilog_6
0000c814   func_epilog_7
0000020c   left
0000c410   main
0000c802   memcpy
ffffffff   pinit
00000200   right
00000202   value


GLOBAL SYMBOLS: SORTED BY Symbol Address 

address    name
--------   ----
00000000   IE1
00000001   IE2
00000001   __TI_args_main
00000001   __TI_auto_init
00000001   __TI_exit
00000002   IFG1
00000003   IFG2
00000010   P3REN
00000018   P3IN
00000019   P3OUT
0000001a   P3DIR
0000001b   P3SEL
00000020   P1IN
00000021   P1OUT
00000022   P1DIR
00000023   P1IFG
00000024   P1IES
00000025   P1IE
00000026   P1SEL
00000027   P1REN
00000028   P2IN
00000029   P2OUT
0000002a   P2DIR
0000002b   P2IFG
0000002c   P2IES
0000002d   P2IE
0000002e   P2SEL
0000002f   P2REN
00000041   P1SEL2
00000042   P2SEL2
00000043   P3SEL2
00000048   ADC10DTC0
00000049   ADC10DTC1
0000004a   ADC10AE0
00000053   BCSCTL3
00000056   DCOCTL
00000057   BCSCTL1
00000058   BCSCTL2
00000059   CACTL1
0000005a   CACTL2
0000005b   CAPD
0000005d   UCA0ABCTL
0000005e   UCA0IRTCTL
0000005f   UCA0IRRCTL
00000060   UCA0CTL0
00000061   UCA0CTL1
00000062   UCA0BR0
00000063   UCA0BR1
00000064   UCA0MCTL
00000065   UCA0STAT
00000066   UCA0RXBUF
00000067   UCA0TXBUF
00000068   UCB0CTL0
00000069   UCB0CTL1
0000006a   UCB0BR0
0000006b   UCB0BR1
0000006c   UCB0I2CIE
0000006d   UCB0STAT
0000006e   UCB0RXBUF
0000006f   UCB0TXBUF
00000080   __STACK_SIZE
00000118   UCB0I2COA
0000011a   UCB0I2CSA
0000011e   TA1IV
00000120   WDTCTL
00000128   FCTL1
0000012a   FCTL2
0000012c   FCTL3
0000012e   TA0IV
00000160   TA0CTL
00000162   TA0CCTL0
00000164   TA0CCTL1
00000166   TA0CCTL2
00000170   TA0R
00000172   TA0CCR0
00000174   TA0CCR1
00000176   TA0CCR2
00000180   TA1CTL
00000182   TA1CCTL0
00000184   TA1CCTL1
00000186   TA1CCTL2
00000190   TA1R
00000192   TA1CCR0
00000194   TA1CCR1
00000196   TA1CCR2
000001b0   ADC10CTL0
000001b2   ADC10CTL1
000001b4   ADC10MEM
000001bc   ADC10SA
00000200   .bss
00000200   .data
00000200   __bss__
00000200   __data__
00000200   __edata__
00000200   edata
00000200   right
00000202   value
0000020c   left
0000020e   base
0000022c   _lock
0000022e   _unlock
00000230   __TI_cleanup_ptr
00000232   __TI_dtors_ptr
00000234   RxData
00000235   __end__
00000235   end
00000380   _stack
00000400   __STACK_END
000010f8   CALDCO_16MHZ
000010f9   CALBC1_16MHZ
000010fa   CALDCO_12MHZ
000010fb   CALBC1_12MHZ
000010fc   CALDCO_8MHZ
000010fd   CALBC1_8MHZ
000010fe   CALDCO_1MHZ
000010ff   CALBC1_1MHZ
0000c000   .text
0000c000   PID
0000c000   __text__
0000c21e   __fs_sub
0000c224   __fs_add
0000c34e   __fs_mpy
0000c410   main
0000c490   __fs_toi
0000c4f8   WaitButton
0000c54c   Send_byte_SW
0000c598   ConfigMotor
0000c5e2   __fs_cmp
0000c62c   _auto_init
0000c674   SetPWM
0000c6ac   __fs_itof
0000c6e2   TimerIntHandler1
0000c708   _c_int00
0000c708   _c_int00_noexit
0000c72e   ConfigBuzzer
0000c752   ConfigButton
0000c772   config1
0000c790   ConfigADC
0000c7aa   ConfigLed
0000c7c4   StartSamples
0000c7da   ConfigTimer
0000c7ee   __mpyi
0000c802   memcpy
0000c814   func_epilog_7
0000c816   func_epilog_6
0000c818   func_epilog_5
0000c81a   func_epilog_4
0000c81c   func_epilog_3
0000c81e   func_epilog_2
0000c820   func_epilog_1
0000c824   __fs_neg
0000c82e   __TI_ISR_TRAP
0000c834   _system_pre_init
0000c838   C$$EXIT
0000c838   abort
0000c83c   _nop
0000c83e   __cinit__
0000c83e   __etext__
0000c83e   cinit
0000c83e   etext
0000ffe4   __TI_int02
0000ffe6   __TI_int03
0000ffea   __TI_int05
0000ffec   __TI_int06
0000ffee   __TI_int07
0000fff0   __TI_int08
0000fff2   __TI_int09
0000fff4   __TI_int10
0000fff6   __TI_int11
0000fff8   __TI_int12
0000fffa   __TI_int13
0000fffc   __TI_int14
0000fffe   _reset_vector
ffffffff   __binit__
ffffffff   __c_args__
ffffffff   __pinit__
ffffffff   binit
ffffffff   pinit

[178 symbols]
